   Compiling stun_moq v0.1.0 (/app)
    Finished `dev` profile [unoptimized + debuginfo] target(s) in 13.08s
     Running `target/debug/examples/bench_latency receiver`
BENCH_LATENCY_RECEIVER_PUBKEY: bb8cb59d5a80301099784fc5627dffa9e3cebfac0f2fa00cd4ec59332bdbe052
[2m2026-05-20T10:35:58.140835Z[0m [32m INFO[0m [2mstun_moq[0m[2m:[0m Creating new StunMoq instance...
[2m2026-05-20T10:35:58.141357Z[0m [32m INFO[0m [2mstun_moq::iroh::node[0m[2m:[0m Initializing Iroh networking...
[2m2026-05-20T10:35:58.682996Z[0m [32m INFO[0m [2mstun_moq::iroh::node[0m[2m:[0m Starting Iroh endpoint with 92 relays...
[2m2026-05-20T10:35:58.713479Z[0m [32m INFO[0m [2mstun_moq::iroh::node[0m[2m:[0m Iroh endpoint bound to 4e0d7889c620acb68d38c72ddfd2e99978a60721cd039a01dbcfa859e5216cb3
[2m2026-05-20T10:35:58.713539Z[0m [32m INFO[0m [2mstun_moq::nostr[0m[2m:[0m Initializing Nostr signaling...
[2m2026-05-20T10:35:58.714478Z[0m [32m INFO[0m [2mstun_moq::nostr[0m[2m:[0m Nostr signaling connected. Identity: bb8cb59d5a80301099784fc5627dffa9e3cebfac0f2fa00cd4ec59332bdbe052
[2m2026-05-20T10:35:58.897784Z[0m [32m INFO[0m [2mnostr_relay_pool::relay::inner[0m[2m:[0m Connected to 'wss://relay.damus.io'
[2m2026-05-20T10:36:00.716540Z[0m [32m INFO[0m [2mstun_moq[0m[2m:[0m StunMoq started listening...
[2m2026-05-20T10:36:00.944679Z[0m [33m WARN[0m [1mendpoint[0m[1m{[0m[3mid[0m[2m=[0m4e0d7889c6[1m}[0m[2m:[0m[1mactor[0m[2m:[0m[1mreportgen-actor[0m[2m:[0m[1mcaptive-portal[0m[2m:[0m [2miroh::net_report::reportgen[0m[2m:[0m probe timed out
[2m2026-05-20T10:36:01.736976Z[0m [32m INFO[0m [1mendpoint[0m[1m{[0m[3mid[0m[2m=[0m4e0d7889c6[1m}[0m[2m:[0m[1mrelay-actor[0m[2m:[0m [2miroh::socket::transports::relay::actor[0m[2m:[0m home is now relay https://derp13b.tailscale.com/, was None
[2m2026-05-20T10:36:01.779607Z[0m [33m WARN[0m [1mendpoint[0m[1m{[0m[3mid[0m[2m=[0m4e0d7889c6[1m}[0m[2m:[0m[1mrelay-actor[0m[2m:[0m[1mactive-relay[0m[1m{[0m[3murl[0m[2m=[0mhttps://derp13b.tailscale.com/[1m}[0m[2m:[0m [2miroh::socket::transports::relay::actor[0m[2m:[0m Failed to connect to relay server: unable to connect: expected HTTP 101 Switching Protocols, got status code 200: expected HTTP 101 Switching Protocols, got status code 200
[2m2026-05-20T10:36:01.841773Z[0m [33m WARN[0m [1mendpoint[0m[1m{[0m[3mid[0m[2m=[0m4e0d7889c6[1m}[0m[2m:[0m[1mrelay-actor[0m[2m:[0m[1mactive-relay[0m[1m{[0m[3murl[0m[2m=[0mhttps://derp13b.tailscale.com/[1m}[0m[2m:[0m [2miroh::socket::transports::relay::actor[0m[2m:[0m Failed to connect to relay server: unable to connect: expected HTTP 101 Switching Protocols, got status code 200: expected HTTP 101 Switching Protocols, got status code 200
[2m2026-05-20T10:36:01.907267Z[0m [33m WARN[0m [1mendpoint[0m[1m{[0m[3mid[0m[2m=[0m4e0d7889c6[1m}[0m[2m:[0m[1mrelay-actor[0m[2m:[0m[1mactive-relay[0m[1m{[0m[3murl[0m[2m=[0mhttps://derp13b.tailscale.com/[1m}[0m[2m:[0m [2miroh::socket::transports::relay::actor[0m[2m:[0m Failed to connect to relay server: unable to connect: expected HTTP 101 Switching Protocols, got status code 200: expected HTTP 101 Switching Protocols, got status code 200
[2m2026-05-20T10:36:02.017456Z[0m [33m WARN[0m [1mendpoint[0m[1m{[0m[3mid[0m[2m=[0m4e0d7889c6[1m}[0m[2m:[0m[1mrelay-actor[0m[2m:[0m[1mactive-relay[0m[1m{[0m[3murl[0m[2m=[0mhttps://derp13b.tailscale.com/[1m}[0m[2m:[0m [2miroh::socket::transports::relay::actor[0m[2m:[0m Failed to connect to relay server: unable to connect: expected HTTP 101 Switching Protocols, got status code 200: expected HTTP 101 Switching Protocols, got status code 200
[2m2026-05-20T10:36:02.171452Z[0m [33m WARN[0m [1mendpoint[0m[1m{[0m[3mid[0m[2m=[0m4e0d7889c6[1m}[0m[2m:[0m[1mrelay-actor[0m[2m:[0m[1mactive-relay[0m[1m{[0m[3murl[0m[2m=[0mhttps://derp13b.tailscale.com/[1m}[0m[2m:[0m [2miroh::socket::transports::relay::actor[0m[2m:[0m Failed to connect to relay server: unable to connect: expected HTTP 101 Switching Protocols, got status code 200: expected HTTP 101 Switching Protocols, got status code 200
[2m2026-05-20T10:36:02.508085Z[0m [33m WARN[0m [1mendpoint[0m[1m{[0m[3mid[0m[2m=[0m4e0d7889c6[1m}[0m[2m:[0m[1mrelay-actor[0m[2m:[0m[1mactive-relay[0m[1m{[0m[3murl[0m[2m=[0mhttps://derp13b.tailscale.com/[1m}[0m[2m:[0m [2miroh::socket::transports::relay::actor[0m[2m:[0m Failed to connect to relay server: unable to connect: expected HTTP 101 Switching Protocols, got status code 200: expected HTTP 101 Switching Protocols, got status code 200
[2m2026-05-20T10:36:03.031383Z[0m [33m WARN[0m [1mendpoint[0m[1m{[0m[3mid[0m[2m=[0m4e0d7889c6[1m}[0m[2m:[0m[1mrelay-actor[0m[2m:[0m[1mactive-relay[0m[1m{[0m[3murl[0m[2m=[0mhttps://derp13b.tailscale.com/[1m}[0m[2m:[0m [2miroh::socket::transports::relay::actor[0m[2m:[0m Failed to connect to relay server: unable to connect: expected HTTP 101 Switching Protocols, got status code 200: expected HTTP 101 Switching Protocols, got status code 200
[2m2026-05-20T10:36:03.796561Z[0m [33m WARN[0m [1mendpoint[0m[1m{[0m[3mid[0m[2m=[0m4e0d7889c6[1m}[0m[2m:[0m[1mrelay-actor[0m[2m:[0m[1mactive-relay[0m[1m{[0m[3murl[0m[2m=[0mhttps://derp13b.tailscale.com/[1m}[0m[2m:[0m [2miroh::socket::transports::relay::actor[0m[2m:[0m Failed to connect to relay server: unable to connect: expected HTTP 101 Switching Protocols, got status code 200: expected HTTP 101 Switching Protocols, got status code 200
[2m2026-05-20T10:36:06.755839Z[0m [33m WARN[0m [1mendpoint[0m[1m{[0m[3mid[0m[2m=[0m4e0d7889c6[1m}[0m[2m:[0m[1mrelay-actor[0m[2m:[0m[1mactive-relay[0m[1m{[0m[3murl[0m[2m=[0mhttps://derp13b.tailscale.com/[1m}[0m[2m:[0m [2miroh::socket::transports::relay::actor[0m[2m:[0m Failed to connect to relay server: unable to connect: deadline has elapsed
[2m2026-05-20T10:36:10.977840Z[0m [33m WARN[0m [1mendpoint[0m[1m{[0m[3mid[0m[2m=[0m4e0d7889c6[1m}[0m[2m:[0m[1mrelay-actor[0m[2m:[0m[1mactive-relay[0m[1m{[0m[3murl[0m[2m=[0mhttps://derp13b.tailscale.com/[1m}[0m[2m:[0m [2miroh::socket::transports::relay::actor[0m[2m:[0m Failed to connect to relay server: unable to connect: deadline has elapsed
[2m2026-05-20T10:36:20.754847Z[0m [33m WARN[0m [1mendpoint[0m[1m{[0m[3mid[0m[2m=[0m4e0d7889c6[1m}[0m[2m:[0m[1mrelay-actor[0m[2m:[0m[1mactive-relay[0m[1m{[0m[3murl[0m[2m=[0mhttps://derp13b.tailscale.com/[1m}[0m[2m:[0m [2miroh::socket::transports::relay::actor[0m[2m:[0m Failed to connect to relay server: unable to connect: deadline has elapsed
[2m2026-05-20T10:36:27.576354Z[0m [32m INFO[0m [1mendpoint[0m[1m{[0m[3mid[0m[2m=[0m4e0d7889c6[1m}[0m[2m:[0m[1mrelay-actor[0m[2m:[0m [2miroh::socket::transports::relay::actor[0m[2m:[0m home is now relay https://aps1-1.relay.n0.iroh-canary.iroh.link./, was Some(RelayUrl("https://derp13b.tailscale.com/"))
[2m2026-05-20T10:36:37.418840Z[0m [33m WARN[0m [1mendpoint[0m[1m{[0m[3mid[0m[2m=[0m4e0d7889c6[1m}[0m[2m:[0m[1mrelay-actor[0m[2m:[0m[1mactive-relay[0m[1m{[0m[3murl[0m[2m=[0mhttps://derp13b.tailscale.com/[1m}[0m[2m:[0m [2miroh::socket::transports::relay::actor[0m[2m:[0m Failed to connect to relay server: unable to connect: deadline has elapsed
