   Compiling stun_moq v0.1.0 (/app)
    Finished `dev` profile [unoptimized + debuginfo] target(s) in 10.97s
     Running `target/debug/examples/bench_throughput receiver`
BENCH_THROUGHPUT_RECEIVER_PUBKEY: e9c65699695e77fd8fe0bca491bcaeed5992ba053054c45dddb39de9ef1146b5
[2m2026-05-20T11:17:55.947970Z[0m [32m INFO[0m [2mstun_moq[0m[2m:[0m Creating new StunMoq instance...
[2m2026-05-20T11:17:55.948504Z[0m [32m INFO[0m [2mstun_moq::iroh::node[0m[2m:[0m Initializing Iroh networking...
[2m2026-05-20T11:17:56.493011Z[0m [32m INFO[0m [2mstun_moq::iroh::node[0m[2m:[0m Starting Iroh endpoint with 92 relays...
[2m2026-05-20T11:17:59.553251Z[0m [32m INFO[0m [1mendpoint[0m[1m{[0m[3mid[0m[2m=[0m39901af9c3[1m}[0m[2m:[0m[1mrelay-actor[0m[2m:[0m [2miroh::socket::transports::relay::actor[0m[2m:[0m home is now relay https://derp13b.tailscale.com/, was None
[2m2026-05-20T11:17:59.596476Z[0m [33m WARN[0m [1mendpoint[0m[1m{[0m[3mid[0m[2m=[0m39901af9c3[1m}[0m[2m:[0m[1mrelay-actor[0m[2m:[0m[1mactive-relay[0m[1m{[0m[3murl[0m[2m=[0mhttps://derp13b.tailscale.com/[1m}[0m[2m:[0m [2miroh::socket::transports::relay::actor[0m[2m:[0m Failed to connect to relay server: unable to connect: expected HTTP 101 Switching Protocols, got status code 200: expected HTTP 101 Switching Protocols, got status code 200
[2m2026-05-20T11:17:59.658010Z[0m [33m WARN[0m [1mendpoint[0m[1m{[0m[3mid[0m[2m=[0m39901af9c3[1m}[0m[2m:[0m[1mrelay-actor[0m[2m:[0m[1mactive-relay[0m[1m{[0m[3murl[0m[2m=[0mhttps://derp13b.tailscale.com/[1m}[0m[2m:[0m [2miroh::socket::transports::relay::actor[0m[2m:[0m Failed to connect to relay server: unable to connect: expected HTTP 101 Switching Protocols, got status code 200: expected HTTP 101 Switching Protocols, got status code 200
[2m2026-05-20T11:17:59.733025Z[0m [33m WARN[0m [1mendpoint[0m[1m{[0m[3mid[0m[2m=[0m39901af9c3[1m}[0m[2m:[0m[1mrelay-actor[0m[2m:[0m[1mactive-relay[0m[1m{[0m[3murl[0m[2m=[0mhttps://derp13b.tailscale.com/[1m}[0m[2m:[0m [2miroh::socket::transports::relay::actor[0m[2m:[0m Failed to connect to relay server: unable to connect: expected HTTP 101 Switching Protocols, got status code 200: expected HTTP 101 Switching Protocols, got status code 200
[2m2026-05-20T11:17:59.838287Z[0m [33m WARN[0m [1mendpoint[0m[1m{[0m[3mid[0m[2m=[0m39901af9c3[1m}[0m[2m:[0m[1mrelay-actor[0m[2m:[0m[1mactive-relay[0m[1m{[0m[3murl[0m[2m=[0mhttps://derp13b.tailscale.com/[1m}[0m[2m:[0m [2miroh::socket::transports::relay::actor[0m[2m:[0m Failed to connect to relay server: unable to connect: expected HTTP 101 Switching Protocols, got status code 200: expected HTTP 101 Switching Protocols, got status code 200
[2m2026-05-20T11:18:00.000848Z[0m [33m WARN[0m [1mendpoint[0m[1m{[0m[3mid[0m[2m=[0m39901af9c3[1m}[0m[2m:[0m[1mrelay-actor[0m[2m:[0m[1mactive-relay[0m[1m{[0m[3murl[0m[2m=[0mhttps://derp13b.tailscale.com/[1m}[0m[2m:[0m [2miroh::socket::transports::relay::actor[0m[2m:[0m Failed to connect to relay server: unable to connect: expected HTTP 101 Switching Protocols, got status code 200: expected HTTP 101 Switching Protocols, got status code 200
[2m2026-05-20T11:18:00.274011Z[0m [33m WARN[0m [1mendpoint[0m[1m{[0m[3mid[0m[2m=[0m39901af9c3[1m}[0m[2m:[0m[1mrelay-actor[0m[2m:[0m[1mactive-relay[0m[1m{[0m[3murl[0m[2m=[0mhttps://derp13b.tailscale.com/[1m}[0m[2m:[0m [2miroh::socket::transports::relay::actor[0m[2m:[0m Failed to connect to relay server: unable to connect: expected HTTP 101 Switching Protocols, got status code 200: expected HTTP 101 Switching Protocols, got status code 200
[2m2026-05-20T11:18:00.942423Z[0m [33m WARN[0m [1mendpoint[0m[1m{[0m[3mid[0m[2m=[0m39901af9c3[1m}[0m[2m:[0m[1mrelay-actor[0m[2m:[0m[1mactive-relay[0m[1m{[0m[3murl[0m[2m=[0mhttps://derp13b.tailscale.com/[1m}[0m[2m:[0m [2miroh::socket::transports::relay::actor[0m[2m:[0m Failed to connect to relay server: unable to connect: expected HTTP 101 Switching Protocols, got status code 200: expected HTTP 101 Switching Protocols, got status code 200
[2m2026-05-20T11:18:02.144608Z[0m [33m WARN[0m [1mendpoint[0m[1m{[0m[3mid[0m[2m=[0m39901af9c3[1m}[0m[2m:[0m[1mrelay-actor[0m[2m:[0m[1mactive-relay[0m[1m{[0m[3murl[0m[2m=[0mhttps://derp13b.tailscale.com/[1m}[0m[2m:[0m [2miroh::socket::transports::relay::actor[0m[2m:[0m Failed to connect to relay server: unable to connect: expected HTTP 101 Switching Protocols, got status code 200: expected HTTP 101 Switching Protocols, got status code 200
[2m2026-05-20T11:18:04.543929Z[0m [33m WARN[0m [1mendpoint[0m[1m{[0m[3mid[0m[2m=[0m39901af9c3[1m}[0m[2m:[0m[1mrelay-actor[0m[2m:[0m[1mactive-relay[0m[1m{[0m[3murl[0m[2m=[0mhttps://derp13b.tailscale.com/[1m}[0m[2m:[0m [2miroh::socket::transports::relay::actor[0m[2m:[0m Failed to connect to relay server: unable to connect: expected HTTP 101 Switching Protocols, got status code 200: expected HTTP 101 Switching Protocols, got status code 200
[2m2026-05-20T11:18:07.867407Z[0m [33m WARN[0m [1mendpoint[0m[1m{[0m[3mid[0m[2m=[0m39901af9c3[1m}[0m[2m:[0m[1mrelay-actor[0m[2m:[0m[1mactive-relay[0m[1m{[0m[3murl[0m[2m=[0mhttps://derp13b.tailscale.com/[1m}[0m[2m:[0m [2miroh::socket::transports::relay::actor[0m[2m:[0m Failed to connect to relay server: unable to connect: expected HTTP 101 Switching Protocols, got status code 200: expected HTTP 101 Switching Protocols, got status code 200
[2m2026-05-20T11:18:17.062853Z[0m [33m WARN[0m [1mendpoint[0m[1m{[0m[3mid[0m[2m=[0m39901af9c3[1m}[0m[2m:[0m[1mrelay-actor[0m[2m:[0m[1mactive-relay[0m[1m{[0m[3murl[0m[2m=[0mhttps://derp13b.tailscale.com/[1m}[0m[2m:[0m [2miroh::socket::transports::relay::actor[0m[2m:[0m Failed to connect to relay server: unable to connect: expected HTTP 101 Switching Protocols, got status code 200: expected HTTP 101 Switching Protocols, got status code 200
[2m2026-05-20T11:18:27.968475Z[0m [32m INFO[0m [1mendpoint[0m[1m{[0m[3mid[0m[2m=[0m39901af9c3[1m}[0m[2m:[0m[1mrelay-actor[0m[2m:[0m [2miroh::socket::transports::relay::actor[0m[2m:[0m home is now relay https://aps1-1.relay.n0.iroh-canary.iroh.link./, was Some(RelayUrl("https://derp13b.tailscale.com/"))
[2m2026-05-20T11:18:28.613095Z[0m [32m INFO[0m [2mstun_moq::iroh::node[0m[2m:[0m Iroh endpoint online. Node ID: 39901af9c382e1d9de2f8c6eaeb5fd29ad022e60d669a844c9423a5f1fe856ca
[2m2026-05-20T11:18:28.613191Z[0m [32m INFO[0m [2mstun_moq::nostr[0m[2m:[0m Initializing Nostr signaling...
[2m2026-05-20T11:18:28.614275Z[0m [32m INFO[0m [2mstun_moq::nostr[0m[2m:[0m Nostr signaling connected. Identity: e9c65699695e77fd8fe0bca491bcaeed5992ba053054c45dddb39de9ef1146b5
[2m2026-05-20T11:18:28.816805Z[0m [32m INFO[0m [2mnostr_relay_pool::relay::inner[0m[2m:[0m Connected to 'wss://relay.damus.io'
[2m2026-05-20T11:18:30.616155Z[0m [32m INFO[0m [2mstun_moq[0m[2m:[0m StunMoq started listening...
[2m2026-05-20T11:18:34.310641Z[0m [32m INFO[0m [2mstun_moq[0m[2m:[0m Accepted incoming Iroh connection from 4c82801f8d7f7deeeefa7b91a6b3d3f53f9466f42e6b9566c0ad4f852222fb81
[2m2026-05-20T11:18:34.328150Z[0m [31mERROR[0m [2miroh::socket[0m[2m:[0m Endpoint dropped without calling `Endpoint::close`. Aborting ungracefully.
Error: closed by peer: 0
