   Compiling stun_moq v0.1.0 (/app)
warning: unused imports: `debug` and `trace`
 --> src/transport/stream.rs:6:15
  |
6 | use tracing::{debug, trace};
  |               ^^^^^  ^^^^^
  |
  = note: `#[warn(unused_imports)]` (part of `#[warn(unused)]`) on by default

warning: variable does not need to be mutable
  --> src/iroh/node.rs:34:13
   |
34 |         let mut relay_map = RelayMode::Default.relay_map();
   |             ----^^^^^^^^^
   |             |
   |             help: remove this `mut`
   |
   = note: `#[warn(unused_mut)]` (part of `#[warn(unused)]`) on by default

warning: `stun_moq` (lib) generated 2 warnings (run `cargo fix --lib -p stun_moq` to apply 2 suggestions)
warning: unused import: `Duration`
 --> examples/bench_throughput.rs:2:26
  |
2 | use std::time::{Instant, Duration};
  |                          ^^^^^^^^
  |
  = note: `#[warn(unused_imports)]` (part of `#[warn(unused)]`) on by default

warning: `stun_moq` (example "bench_throughput") generated 1 warning (run `cargo fix --example "bench_throughput" -p stun_moq` to apply 1 suggestion)
    Finished `dev` profile [unoptimized + debuginfo] target(s) in 14.00s
     Running `target/debug/examples/bench_throughput receiver`
BENCH_THROUGHPUT_RECEIVER_PUBKEY: a06170342487b33cdf949297579d4408f77c6a5d92306fbbaddfd84a8a385bbc
[2m2026-05-20T10:32:24.168724Z[0m [32m INFO[0m [2mstun_moq[0m[2m:[0m Creating new StunMoq instance...
[2m2026-05-20T10:32:24.169295Z[0m [32m INFO[0m [2mstun_moq::iroh::node[0m[2m:[0m Initializing Iroh networking...
[2m2026-05-20T10:32:24.739145Z[0m [32m INFO[0m [2mstun_moq::iroh::node[0m[2m:[0m Starting Iroh endpoint with 92 relays...
[2m2026-05-20T10:32:24.785970Z[0m [32m INFO[0m [2mstun_moq::iroh::node[0m[2m:[0m Iroh endpoint bound to 36a8cef966476b6d2ad40d0c01f8b8a0e2f53786370cd80924bc6dd3264edc5a
[2m2026-05-20T10:32:24.786036Z[0m [32m INFO[0m [2mstun_moq::nostr[0m[2m:[0m Initializing Nostr signaling...
[2m2026-05-20T10:32:24.786983Z[0m [32m INFO[0m [2mstun_moq::nostr[0m[2m:[0m Nostr signaling connected. Identity: a06170342487b33cdf949297579d4408f77c6a5d92306fbbaddfd84a8a385bbc
[2m2026-05-20T10:32:26.236641Z[0m [32m INFO[0m [2mnostr_relay_pool::relay::inner[0m[2m:[0m Connected to 'wss://relay.damus.io'
[2m2026-05-20T10:32:26.789273Z[0m [32m INFO[0m [2mstun_moq[0m[2m:[0m StunMoq started listening...
[2m2026-05-20T10:32:27.619769Z[0m [33m WARN[0m [1mendpoint[0m[1m{[0m[3mid[0m[2m=[0m36a8cef966[1m}[0m[2m:[0m[1mactor[0m[2m:[0m[1mreportgen-actor[0m[2m:[0m[1mrun-probe[0m[1m{[0m[3mproto[0m[2m=[0mHttps [3mdelay[0m[2m=[0m200ms [3mrelay[0m[2m=[0mhttps://derp7h.tailscale.com/[1m}[0m[2m:[0m [2miroh::net_report::reportgen[0m[2m:[0m probe failed: Failed to run HTTPS probe: no calls succeeded: [Resolve failed, IPv4: Failed to resolve, IPv6: Failed to resolveResolve failed, IPv4: Failed to resolve, IPv6: Failed to resolveResolve failed, IPv4: Failed to resolve, IPv6: Failed to resolveResolve failed, IPv4: Failed to resolve, IPv6: Failed to resolveResolve failed, IPv4: Failed to resolve, IPv6: Failed to resolveResolve failed, IPv4: Failed to resolve, IPv6: Failed to resolveResolve failed, IPv4: Failed to resolve, IPv6: Failed to resolve]
[2m2026-05-20T10:32:27.635672Z[0m [33m WARN[0m [1mendpoint[0m[1m{[0m[3mid[0m[2m=[0m36a8cef966[1m}[0m[2m:[0m[1mactor[0m[2m:[0m[1mreportgen-actor[0m[2m:[0m[1mrun-probe[0m[1m{[0m[3mproto[0m[2m=[0mHttps [3mdelay[0m[2m=[0m400ms [3mrelay[0m[2m=[0mhttps://usw1-1.relay.n0.iroh-canary.iroh.link./[1m}[0m[2m:[0m [2miroh::net_report::reportgen[0m[2m:[0m probe failed: Failed to run HTTPS probe: no calls succeeded: [Resolve failed, IPv4: Failed to resolve, IPv6: Failed to resolveResolve failed, IPv4: Failed to resolve, IPv6: Failed to resolveResolve failed, IPv4: Failed to resolve, IPv6: Failed to resolveResolve failed, IPv4: Failed to resolve, IPv6: Failed to resolveResolve failed, IPv4: Failed to resolve, IPv6: Failed to resolveResolve failed, IPv4: Failed to resolve, IPv6: Failed to resolveResolve failed, IPv4: Failed to resolve, IPv6: Failed to resolve]
[2m2026-05-20T10:32:27.661295Z[0m [33m WARN[0m [1mendpoint[0m[1m{[0m[3mid[0m[2m=[0m36a8cef966[1m}[0m[2m:[0m[1mactor[0m[2m:[0m[1mreportgen-actor[0m[2m:[0m[1mrun-probe[0m[1m{[0m[3mproto[0m[2m=[0mHttps [3mdelay[0m[2m=[0m300ms [3mrelay[0m[2m=[0mhttps://usw1-1.relay.n0.iroh-canary.iroh.link./[1m}[0m[2m:[0m [2miroh::net_report::reportgen[0m[2m:[0m probe failed: Failed to run HTTPS probe: no calls succeeded: [Resolve failed, IPv4: Failed to resolve, IPv6: Failed to resolveResolve failed, IPv4: Failed to resolve, IPv6: Failed to resolveResolve failed, IPv4: Failed to resolve, IPv6: Failed to resolveResolve failed, IPv4: Failed to resolve, IPv6: Failed to resolveResolve failed, IPv4: Failed to resolve, IPv6: Failed to resolveResolve failed, IPv4: Failed to resolve, IPv6: Failed to resolveResolve failed, IPv4: Failed to resolve, IPv6: Failed to resolve]
[2m2026-05-20T10:32:27.662352Z[0m [33m WARN[0m [1mendpoint[0m[1m{[0m[3mid[0m[2m=[0m36a8cef966[1m}[0m[2m:[0m[1mactor[0m[2m:[0m[1mreportgen-actor[0m[2m:[0m[1mrun-probe[0m[1m{[0m[3mproto[0m[2m=[0mHttps [3mdelay[0m[2m=[0m300ms [3mrelay[0m[2m=[0mhttps://derp6.tailscale.com/[1m}[0m[2m:[0m [2miroh::net_report::reportgen[0m[2m:[0m probe failed: Failed to run HTTPS probe: no calls succeeded: [Resolve failed, IPv4: Failed to resolve, IPv6: Failed to resolveResolve failed, IPv4: Failed to resolve, IPv6: Failed to resolveResolve failed, IPv4: Failed to resolve, IPv6: Failed to resolveResolve failed, IPv4: Failed to resolve, IPv6: Failed to resolveResolve failed, IPv4: Failed to resolve, IPv6: Failed to resolveResolve failed, IPv4: Failed to resolve, IPv6: Failed to resolveResolve failed, IPv4: Failed to resolve, IPv6: Failed to resolve]
[2m2026-05-20T10:32:27.774245Z[0m [33m WARN[0m [1mendpoint[0m[1m{[0m[3mid[0m[2m=[0m36a8cef966[1m}[0m[2m:[0m[1mactor[0m[2m:[0m[1mreportgen-actor[0m[2m:[0m[1mrun-probe[0m[1m{[0m[3mproto[0m[2m=[0mHttps [3mdelay[0m[2m=[0m400ms [3mrelay[0m[2m=[0mhttps://derp7f.tailscale.com/[1m}[0m[2m:[0m [2miroh::net_report::reportgen[0m[2m:[0m probe failed: Failed to run HTTPS probe: no calls succeeded: [Resolve failed, IPv4: Failed to resolve, IPv6: Failed to resolveResolve failed, IPv4: Failed to resolve, IPv6: Failed to resolveResolve failed, IPv4: Failed to resolve, IPv6: Failed to resolveResolve failed, IPv4: Failed to resolve, IPv6: Failed to resolveResolve failed, IPv4: Failed to resolve, IPv6: Failed to resolveResolve failed, IPv4: Failed to resolve, IPv6: Failed to resolveResolve failed, IPv4: Failed to resolve, IPv6: Failed to resolve]
[2m2026-05-20T10:32:27.804385Z[0m [32m INFO[0m [1mendpoint[0m[1m{[0m[3mid[0m[2m=[0m36a8cef966[1m}[0m[2m:[0m[1mrelay-actor[0m[2m:[0m [2miroh::socket::transports::relay::actor[0m[2m:[0m home is now relay https://derp13b.tailscale.com/, was None
[2m2026-05-20T10:32:27.846102Z[0m [33m WARN[0m [1mendpoint[0m[1m{[0m[3mid[0m[2m=[0m36a8cef966[1m}[0m[2m:[0m[1mrelay-actor[0m[2m:[0m[1mactive-relay[0m[1m{[0m[3murl[0m[2m=[0mhttps://derp13b.tailscale.com/[1m}[0m[2m:[0m [2miroh::socket::transports::relay::actor[0m[2m:[0m Failed to connect to relay server: unable to connect: expected HTTP 101 Switching Protocols, got status code 200: expected HTTP 101 Switching Protocols, got status code 200
[2m2026-05-20T10:32:27.901049Z[0m [33m WARN[0m [1mendpoint[0m[1m{[0m[3mid[0m[2m=[0m36a8cef966[1m}[0m[2m:[0m[1mrelay-actor[0m[2m:[0m[1mactive-relay[0m[1m{[0m[3murl[0m[2m=[0mhttps://derp13b.tailscale.com/[1m}[0m[2m:[0m [2miroh::socket::transports::relay::actor[0m[2m:[0m Failed to connect to relay server: unable to connect: expected HTTP 101 Switching Protocols, got status code 200: expected HTTP 101 Switching Protocols, got status code 200
[2m2026-05-20T10:32:27.975054Z[0m [33m WARN[0m [1mendpoint[0m[1m{[0m[3mid[0m[2m=[0m36a8cef966[1m}[0m[2m:[0m[1mrelay-actor[0m[2m:[0m[1mactive-relay[0m[1m{[0m[3murl[0m[2m=[0mhttps://derp13b.tailscale.com/[1m}[0m[2m:[0m [2miroh::socket::transports::relay::actor[0m[2m:[0m Failed to connect to relay server: unable to connect: expected HTTP 101 Switching Protocols, got status code 200: expected HTTP 101 Switching Protocols, got status code 200
[2m2026-05-20T10:32:28.065075Z[0m [33m WARN[0m [1mendpoint[0m[1m{[0m[3mid[0m[2m=[0m36a8cef966[1m}[0m[2m:[0m[1mrelay-actor[0m[2m:[0m[1mactive-relay[0m[1m{[0m[3murl[0m[2m=[0mhttps://derp13b.tailscale.com/[1m}[0m[2m:[0m [2miroh::socket::transports::relay::actor[0m[2m:[0m Failed to connect to relay server: unable to connect: expected HTTP 101 Switching Protocols, got status code 200: expected HTTP 101 Switching Protocols, got status code 200
[2m2026-05-20T10:32:28.230672Z[0m [33m WARN[0m [1mendpoint[0m[1m{[0m[3mid[0m[2m=[0m36a8cef966[1m}[0m[2m:[0m[1mrelay-actor[0m[2m:[0m[1mactive-relay[0m[1m{[0m[3murl[0m[2m=[0mhttps://derp13b.tailscale.com/[1m}[0m[2m:[0m [2miroh::socket::transports::relay::actor[0m[2m:[0m Failed to connect to relay server: unable to connect: expected HTTP 101 Switching Protocols, got status code 200: expected HTTP 101 Switching Protocols, got status code 200
[2m2026-05-20T10:32:28.452914Z[0m [33m WARN[0m [1mendpoint[0m[1m{[0m[3mid[0m[2m=[0m36a8cef966[1m}[0m[2m:[0m[1mrelay-actor[0m[2m:[0m[1mactive-relay[0m[1m{[0m[3murl[0m[2m=[0mhttps://derp13b.tailscale.com/[1m}[0m[2m:[0m [2miroh::socket::transports::relay::actor[0m[2m:[0m Failed to connect to relay server: unable to connect: expected HTTP 101 Switching Protocols, got status code 200: expected HTTP 101 Switching Protocols, got status code 200
[2m2026-05-20T10:32:28.972048Z[0m [33m WARN[0m [1mendpoint[0m[1m{[0m[3mid[0m[2m=[0m36a8cef966[1m}[0m[2m:[0m[1mrelay-actor[0m[2m:[0m[1mactive-relay[0m[1m{[0m[3murl[0m[2m=[0mhttps://derp13b.tailscale.com/[1m}[0m[2m:[0m [2miroh::socket::transports::relay::actor[0m[2m:[0m Failed to connect to relay server: unable to connect: expected HTTP 101 Switching Protocols, got status code 200: expected HTTP 101 Switching Protocols, got status code 200
[2m2026-05-20T10:32:29.979366Z[0m [33m WARN[0m [1mendpoint[0m[1m{[0m[3mid[0m[2m=[0m36a8cef966[1m}[0m[2m:[0m[1mrelay-actor[0m[2m:[0m[1mactive-relay[0m[1m{[0m[3murl[0m[2m=[0mhttps://derp13b.tailscale.com/[1m}[0m[2m:[0m [2miroh::socket::transports::relay::actor[0m[2m:[0m Failed to connect to relay server: unable to connect: expected HTTP 101 Switching Protocols, got status code 200: expected HTTP 101 Switching Protocols, got status code 200
[2m2026-05-20T10:32:31.453864Z[0m [33m WARN[0m [1mendpoint[0m[1m{[0m[3mid[0m[2m=[0m36a8cef966[1m}[0m[2m:[0m[1mrelay-actor[0m[2m:[0m[1mactive-relay[0m[1m{[0m[3murl[0m[2m=[0mhttps://derp13b.tailscale.com/[1m}[0m[2m:[0m [2miroh::socket::transports::relay::actor[0m[2m:[0m Failed to connect to relay server: unable to connect: expected HTTP 101 Switching Protocols, got status code 200: expected HTTP 101 Switching Protocols, got status code 200
[2m2026-05-20T10:32:35.506439Z[0m [33m WARN[0m [1mendpoint[0m[1m{[0m[3mid[0m[2m=[0m36a8cef966[1m}[0m[2m:[0m[1mrelay-actor[0m[2m:[0m[1mactive-relay[0m[1m{[0m[3murl[0m[2m=[0mhttps://derp13b.tailscale.com/[1m}[0m[2m:[0m [2miroh::socket::transports::relay::actor[0m[2m:[0m Failed to connect to relay server: unable to connect: expected HTTP 101 Switching Protocols, got status code 200: expected HTTP 101 Switching Protocols, got status code 200
[2m2026-05-20T10:32:44.729465Z[0m [33m WARN[0m [1mendpoint[0m[1m{[0m[3mid[0m[2m=[0m36a8cef966[1m}[0m[2m:[0m[1mrelay-actor[0m[2m:[0m[1mactive-relay[0m[1m{[0m[3murl[0m[2m=[0mhttps://derp13b.tailscale.com/[1m}[0m[2m:[0m [2miroh::socket::transports::relay::actor[0m[2m:[0m Failed to connect to relay server: unable to connect: expected HTTP 101 Switching Protocols, got status code 200: expected HTTP 101 Switching Protocols, got status code 200
[2m2026-05-20T10:32:53.045310Z[0m [32m INFO[0m [1mendpoint[0m[1m{[0m[3mid[0m[2m=[0m36a8cef966[1m}[0m[2m:[0m[1mrelay-actor[0m[2m:[0m [2miroh::socket::transports::relay::actor[0m[2m:[0m home is now relay https://aps1-1.relay.n0.iroh-canary.iroh.link./, was Some(RelayUrl("https://derp13b.tailscale.com/"))
[2m2026-05-20T10:33:00.484711Z[0m [33m WARN[0m [1mendpoint[0m[1m{[0m[3mid[0m[2m=[0m36a8cef966[1m}[0m[2m:[0m[1mrelay-actor[0m[2m:[0m[1mactive-relay[0m[1m{[0m[3murl[0m[2m=[0mhttps://derp13b.tailscale.com/[1m}[0m[2m:[0m [2miroh::socket::transports::relay::actor[0m[2m:[0m Failed to connect to relay server: unable to connect: expected HTTP 101 Switching Protocols, got status code 200: expected HTTP 101 Switching Protocols, got status code 200
[2m2026-05-20T10:37:40.108537Z[0m [32m INFO[0m [1mendpoint[0m[1m{[0m[3mid[0m[2m=[0m36a8cef966[1m}[0m[2m:[0m[1mrelay-actor[0m[2m:[0m [2miroh::socket::transports::relay::actor[0m[2m:[0m home is now relay https://derp13c.tailscale.com/, was Some(RelayUrl("https://aps1-1.relay.n0.iroh-canary.iroh.link./"))
[2m2026-05-20T10:37:40.152499Z[0m [33m WARN[0m [1mendpoint[0m[1m{[0m[3mid[0m[2m=[0m36a8cef966[1m}[0m[2m:[0m[1mrelay-actor[0m[2m:[0m[1mactive-relay[0m[1m{[0m[3murl[0m[2m=[0mhttps://derp13c.tailscale.com/[1m}[0m[2m:[0m [2miroh::socket::transports::relay::actor[0m[2m:[0m Failed to connect to relay server: unable to connect: expected HTTP 101 Switching Protocols, got status code 200: expected HTTP 101 Switching Protocols, got status code 200
[2m2026-05-20T10:37:40.209904Z[0m [33m WARN[0m [1mendpoint[0m[1m{[0m[3mid[0m[2m=[0m36a8cef966[1m}[0m[2m:[0m[1mrelay-actor[0m[2m:[0m[1mactive-relay[0m[1m{[0m[3murl[0m[2m=[0mhttps://derp13c.tailscale.com/[1m}[0m[2m:[0m [2miroh::socket::transports::relay::actor[0m[2m:[0m Failed to connect to relay server: unable to connect: expected HTTP 101 Switching Protocols, got status code 200: expected HTTP 101 Switching Protocols, got status code 200
[2m2026-05-20T10:37:40.282679Z[0m [33m WARN[0m [1mendpoint[0m[1m{[0m[3mid[0m[2m=[0m36a8cef966[1m}[0m[2m:[0m[1mrelay-actor[0m[2m:[0m[1mactive-relay[0m[1m{[0m[3murl[0m[2m=[0mhttps://derp13c.tailscale.com/[1m}[0m[2m:[0m [2miroh::socket::transports::relay::actor[0m[2m:[0m Failed to connect to relay server: unable to connect: expected HTTP 101 Switching Protocols, got status code 200: expected HTTP 101 Switching Protocols, got status code 200
[2m2026-05-20T10:37:40.388790Z[0m [33m WARN[0m [1mendpoint[0m[1m{[0m[3mid[0m[2m=[0m36a8cef966[1m}[0m[2m:[0m[1mrelay-actor[0m[2m:[0m[1mactive-relay[0m[1m{[0m[3murl[0m[2m=[0mhttps://derp13c.tailscale.com/[1m}[0m[2m:[0m [2miroh::socket::transports::relay::actor[0m[2m:[0m Failed to connect to relay server: unable to connect: expected HTTP 101 Switching Protocols, got status code 200: expected HTTP 101 Switching Protocols, got status code 200
[2m2026-05-20T10:37:40.568733Z[0m [33m WARN[0m [1mendpoint[0m[1m{[0m[3mid[0m[2m=[0m36a8cef966[1m}[0m[2m:[0m[1mrelay-actor[0m[2m:[0m[1mactive-relay[0m[1m{[0m[3murl[0m[2m=[0mhttps://derp13c.tailscale.com/[1m}[0m[2m:[0m [2miroh::socket::transports::relay::actor[0m[2m:[0m Failed to connect to relay server: unable to connect: expected HTTP 101 Switching Protocols, got status code 200: expected HTTP 101 Switching Protocols, got status code 200
[2m2026-05-20T10:37:40.775863Z[0m [33m WARN[0m [1mendpoint[0m[1m{[0m[3mid[0m[2m=[0m36a8cef966[1m}[0m[2m:[0m[1mrelay-actor[0m[2m:[0m[1mactive-relay[0m[1m{[0m[3murl[0m[2m=[0mhttps://derp13c.tailscale.com/[1m}[0m[2m:[0m [2miroh::socket::transports::relay::actor[0m[2m:[0m Failed to connect to relay server: unable to connect: expected HTTP 101 Switching Protocols, got status code 200: expected HTTP 101 Switching Protocols, got status code 200
[2m2026-05-20T10:37:41.175005Z[0m [33m WARN[0m [1mendpoint[0m[1m{[0m[3mid[0m[2m=[0m36a8cef966[1m}[0m[2m:[0m[1mrelay-actor[0m[2m:[0m[1mactive-relay[0m[1m{[0m[3murl[0m[2m=[0mhttps://derp13c.tailscale.com/[1m}[0m[2m:[0m [2miroh::socket::transports::relay::actor[0m[2m:[0m Failed to connect to relay server: unable to connect: expected HTTP 101 Switching Protocols, got status code 200: expected HTTP 101 Switching Protocols, got status code 200
[2m2026-05-20T10:37:42.467784Z[0m [33m WARN[0m [1mendpoint[0m[1m{[0m[3mid[0m[2m=[0m36a8cef966[1m}[0m[2m:[0m[1mrelay-actor[0m[2m:[0m[1mactive-relay[0m[1m{[0m[3murl[0m[2m=[0mhttps://derp13c.tailscale.com/[1m}[0m[2m:[0m [2miroh::socket::transports::relay::actor[0m[2m:[0m Failed to connect to relay server: unable to connect: expected HTTP 101 Switching Protocols, got status code 200: expected HTTP 101 Switching Protocols, got status code 200
[2m2026-05-20T10:37:44.705438Z[0m [33m WARN[0m [1mendpoint[0m[1m{[0m[3mid[0m[2m=[0m36a8cef966[1m}[0m[2m:[0m[1mrelay-actor[0m[2m:[0m[1mactive-relay[0m[1m{[0m[3murl[0m[2m=[0mhttps://derp13c.tailscale.com/[1m}[0m[2m:[0m [2miroh::socket::transports::relay::actor[0m[2m:[0m Failed to connect to relay server: unable to connect: expected HTTP 101 Switching Protocols, got status code 200: expected HTTP 101 Switching Protocols, got status code 200
[2m2026-05-20T10:37:48.239877Z[0m [33m WARN[0m [1mendpoint[0m[1m{[0m[3mid[0m[2m=[0m36a8cef966[1m}[0m[2m:[0m[1mrelay-actor[0m[2m:[0m[1mactive-relay[0m[1m{[0m[3murl[0m[2m=[0mhttps://derp13c.tailscale.com/[1m}[0m[2m:[0m [2miroh::socket::transports::relay::actor[0m[2m:[0m Failed to connect to relay server: unable to connect: expected HTTP 101 Switching Protocols, got status code 200: expected HTTP 101 Switching Protocols, got status code 200
[2m2026-05-20T10:37:56.475094Z[0m [33m WARN[0m [1mendpoint[0m[1m{[0m[3mid[0m[2m=[0m36a8cef966[1m}[0m[2m:[0m[1mrelay-actor[0m[2m:[0m[1mactive-relay[0m[1m{[0m[3murl[0m[2m=[0mhttps://derp13c.tailscale.com/[1m}[0m[2m:[0m [2miroh::socket::transports::relay::actor[0m[2m:[0m Failed to connect to relay server: unable to connect: expected HTTP 101 Switching Protocols, got status code 200: expected HTTP 101 Switching Protocols, got status code 200
[2m2026-05-20T10:38:05.605333Z[0m [32m INFO[0m [1mendpoint[0m[1m{[0m[3mid[0m[2m=[0m36a8cef966[1m}[0m[2m:[0m[1mrelay-actor[0m[2m:[0m [2miroh::socket::transports::relay::actor[0m[2m:[0m home is now relay https://aps1-1.relay.n0.iroh-canary.iroh.link./, was Some(RelayUrl("https://derp13c.tailscale.com/"))
[2m2026-05-20T10:38:08.056118Z[0m [33m WARN[0m [1mendpoint[0m[1m{[0m[3mid[0m[2m=[0m36a8cef966[1m}[0m[2m:[0m[1mrelay-actor[0m[2m:[0m[1mactive-relay[0m[1m{[0m[3murl[0m[2m=[0mhttps://derp13c.tailscale.com/[1m}[0m[2m:[0m [2miroh::socket::transports::relay::actor[0m[2m:[0m Failed to connect to relay server: unable to connect: expected HTTP 101 Switching Protocols, got status code 200: expected HTTP 101 Switching Protocols, got status code 200
[2m2026-05-20T10:38:35.172735Z[0m [33m WARN[0m [1mendpoint[0m[1m{[0m[3mid[0m[2m=[0m36a8cef966[1m}[0m[2m:[0m[1mrelay-actor[0m[2m:[0m[1mactive-relay[0m[1m{[0m[3murl[0m[2m=[0mhttps://derp13c.tailscale.com/[1m}[0m[2m:[0m [2miroh::socket::transports::relay::actor[0m[2m:[0m Failed to connect to relay server: unable to connect: expected HTTP 101 Switching Protocols, got status code 200: expected HTTP 101 Switching Protocols, got status code 200
