   Compiling stun_moq v0.1.0 (/app)
    Finished `dev` profile [unoptimized + debuginfo] target(s) in 5.29s
     Running `target/debug/examples/bench_throughput receiver`
BENCH_THROUGHPUT_RECEIVER_PUBKEY: 9c55dd2be26b137196c5d230bfdf7f7658e0e10616e4c9031d37abe00e98ec33
[2m2026-05-20T11:24:04.129548Z[0m [32m INFO[0m [2mstun_moq[0m[2m:[0m Creating new StunMoq instance...
[2m2026-05-20T11:24:04.130098Z[0m [32m INFO[0m [2mstun_moq::iroh::node[0m[2m:[0m Initializing Iroh networking...
[2m2026-05-20T11:24:04.680604Z[0m [32m INFO[0m [2mstun_moq::iroh::node[0m[2m:[0m Starting Iroh endpoint with 92 relays...
[2m2026-05-20T11:24:07.745249Z[0m [32m INFO[0m [1mendpoint[0m[1m{[0m[3mid[0m[2m=[0ma5263c7c3e[1m}[0m[2m:[0m[1mrelay-actor[0m[2m:[0m [2miroh::socket::transports::relay::actor[0m[2m:[0m home is now relay https://derp12d.tailscale.com/, was None
[2m2026-05-20T11:24:07.792507Z[0m [33m WARN[0m [1mendpoint[0m[1m{[0m[3mid[0m[2m=[0ma5263c7c3e[1m}[0m[2m:[0m[1mrelay-actor[0m[2m:[0m[1mactive-relay[0m[1m{[0m[3murl[0m[2m=[0mhttps://derp12d.tailscale.com/[1m}[0m[2m:[0m [2miroh::socket::transports::relay::actor[0m[2m:[0m Failed to connect to relay server: unable to connect: expected HTTP 101 Switching Protocols, got status code 200: expected HTTP 101 Switching Protocols, got status code 200
[2m2026-05-20T11:24:07.859785Z[0m [33m WARN[0m [1mendpoint[0m[1m{[0m[3mid[0m[2m=[0ma5263c7c3e[1m}[0m[2m:[0m[1mrelay-actor[0m[2m:[0m[1mactive-relay[0m[1m{[0m[3murl[0m[2m=[0mhttps://derp12d.tailscale.com/[1m}[0m[2m:[0m [2miroh::socket::transports::relay::actor[0m[2m:[0m Failed to connect to relay server: unable to connect: expected HTTP 101 Switching Protocols, got status code 200: expected HTTP 101 Switching Protocols, got status code 200
[2m2026-05-20T11:24:07.932465Z[0m [33m WARN[0m [1mendpoint[0m[1m{[0m[3mid[0m[2m=[0ma5263c7c3e[1m}[0m[2m:[0m[1mrelay-actor[0m[2m:[0m[1mactive-relay[0m[1m{[0m[3murl[0m[2m=[0mhttps://derp12d.tailscale.com/[1m}[0m[2m:[0m [2miroh::socket::transports::relay::actor[0m[2m:[0m Failed to connect to relay server: unable to connect: expected HTTP 101 Switching Protocols, got status code 200: expected HTTP 101 Switching Protocols, got status code 200
[2m2026-05-20T11:24:08.038959Z[0m [33m WARN[0m [1mendpoint[0m[1m{[0m[3mid[0m[2m=[0ma5263c7c3e[1m}[0m[2m:[0m[1mrelay-actor[0m[2m:[0m[1mactive-relay[0m[1m{[0m[3murl[0m[2m=[0mhttps://derp12d.tailscale.com/[1m}[0m[2m:[0m [2miroh::socket::transports::relay::actor[0m[2m:[0m Failed to connect to relay server: unable to connect: expected HTTP 101 Switching Protocols, got status code 200: expected HTTP 101 Switching Protocols, got status code 200
[2m2026-05-20T11:24:08.244059Z[0m [33m WARN[0m [1mendpoint[0m[1m{[0m[3mid[0m[2m=[0ma5263c7c3e[1m}[0m[2m:[0m[1mrelay-actor[0m[2m:[0m[1mactive-relay[0m[1m{[0m[3murl[0m[2m=[0mhttps://derp12d.tailscale.com/[1m}[0m[2m:[0m [2miroh::socket::transports::relay::actor[0m[2m:[0m Failed to connect to relay server: unable to connect: expected HTTP 101 Switching Protocols, got status code 200: expected HTTP 101 Switching Protocols, got status code 200
[2m2026-05-20T11:24:08.598536Z[0m [33m WARN[0m [1mendpoint[0m[1m{[0m[3mid[0m[2m=[0ma5263c7c3e[1m}[0m[2m:[0m[1mrelay-actor[0m[2m:[0m[1mactive-relay[0m[1m{[0m[3murl[0m[2m=[0mhttps://derp12d.tailscale.com/[1m}[0m[2m:[0m [2miroh::socket::transports::relay::actor[0m[2m:[0m Failed to connect to relay server: unable to connect: expected HTTP 101 Switching Protocols, got status code 200: expected HTTP 101 Switching Protocols, got status code 200
[2m2026-05-20T11:24:09.132119Z[0m [33m WARN[0m [1mendpoint[0m[1m{[0m[3mid[0m[2m=[0ma5263c7c3e[1m}[0m[2m:[0m[1mrelay-actor[0m[2m:[0m[1mactive-relay[0m[1m{[0m[3murl[0m[2m=[0mhttps://derp12d.tailscale.com/[1m}[0m[2m:[0m [2miroh::socket::transports::relay::actor[0m[2m:[0m Failed to connect to relay server: unable to connect: expected HTTP 101 Switching Protocols, got status code 200: expected HTTP 101 Switching Protocols, got status code 200
[2m2026-05-20T11:24:10.299751Z[0m [33m WARN[0m [1mendpoint[0m[1m{[0m[3mid[0m[2m=[0ma5263c7c3e[1m}[0m[2m:[0m[1mrelay-actor[0m[2m:[0m[1mactive-relay[0m[1m{[0m[3murl[0m[2m=[0mhttps://derp12d.tailscale.com/[1m}[0m[2m:[0m [2miroh::socket::transports::relay::actor[0m[2m:[0m Failed to connect to relay server: unable to connect: expected HTTP 101 Switching Protocols, got status code 200: expected HTTP 101 Switching Protocols, got status code 200
[2m2026-05-20T11:24:11.919440Z[0m [33m WARN[0m [1mendpoint[0m[1m{[0m[3mid[0m[2m=[0ma5263c7c3e[1m}[0m[2m:[0m[1mrelay-actor[0m[2m:[0m[1mactive-relay[0m[1m{[0m[3murl[0m[2m=[0mhttps://derp12d.tailscale.com/[1m}[0m[2m:[0m [2miroh::socket::transports::relay::actor[0m[2m:[0m Failed to connect to relay server: unable to connect: expected HTTP 101 Switching Protocols, got status code 200: expected HTTP 101 Switching Protocols, got status code 200
[2m2026-05-20T11:24:15.944484Z[0m [33m WARN[0m [1mendpoint[0m[1m{[0m[3mid[0m[2m=[0ma5263c7c3e[1m}[0m[2m:[0m[1mrelay-actor[0m[2m:[0m[1mactive-relay[0m[1m{[0m[3murl[0m[2m=[0mhttps://derp12d.tailscale.com/[1m}[0m[2m:[0m [2miroh::socket::transports::relay::actor[0m[2m:[0m Failed to connect to relay server: unable to connect: expected HTTP 101 Switching Protocols, got status code 200: expected HTTP 101 Switching Protocols, got status code 200
[2m2026-05-20T11:24:24.857125Z[0m [33m WARN[0m [1mendpoint[0m[1m{[0m[3mid[0m[2m=[0ma5263c7c3e[1m}[0m[2m:[0m[1mrelay-actor[0m[2m:[0m[1mactive-relay[0m[1m{[0m[3murl[0m[2m=[0mhttps://derp12d.tailscale.com/[1m}[0m[2m:[0m [2miroh::socket::transports::relay::actor[0m[2m:[0m Failed to connect to relay server: unable to connect: expected HTTP 101 Switching Protocols, got status code 200: expected HTTP 101 Switching Protocols, got status code 200
[2m2026-05-20T11:24:34.324549Z[0m [32m INFO[0m [1mendpoint[0m[1m{[0m[3mid[0m[2m=[0ma5263c7c3e[1m}[0m[2m:[0m[1mrelay-actor[0m[2m:[0m [2miroh::socket::transports::relay::actor[0m[2m:[0m home is now relay https://aps1-1.relay.n0.iroh-canary.iroh.link./, was Some(RelayUrl("https://derp12d.tailscale.com/"))
[2m2026-05-20T11:24:34.952849Z[0m [32m INFO[0m [2mstun_moq::iroh::node[0m[2m:[0m Iroh endpoint online. Node ID: a5263c7c3ec360d84f0dd05a00ed746fd4bd8e5a7bb385c5e19b86e62c00453d
[2m2026-05-20T11:24:34.952935Z[0m [32m INFO[0m [2mstun_moq::nostr[0m[2m:[0m Initializing Nostr signaling...
[2m2026-05-20T11:24:34.954062Z[0m [32m INFO[0m [2mstun_moq::nostr[0m[2m:[0m Nostr signaling connected. Identity: 9c55dd2be26b137196c5d230bfdf7f7658e0e10616e4c9031d37abe00e98ec33
[2m2026-05-20T11:24:35.136371Z[0m [32m INFO[0m [2mnostr_relay_pool::relay::inner[0m[2m:[0m Connected to 'wss://relay.damus.io'
[2m2026-05-20T11:24:36.385041Z[0m [33m WARN[0m [1mendpoint[0m[1m{[0m[3mid[0m[2m=[0ma5263c7c3e[1m}[0m[2m:[0m[1mrelay-actor[0m[2m:[0m[1mactive-relay[0m[1m{[0m[3murl[0m[2m=[0mhttps://derp12d.tailscale.com/[1m}[0m[2m:[0m [2miroh::socket::transports::relay::actor[0m[2m:[0m Failed to connect to relay server: unable to connect: expected HTTP 101 Switching Protocols, got status code 200: expected HTTP 101 Switching Protocols, got status code 200
[2m2026-05-20T11:24:36.955994Z[0m [32m INFO[0m [2mstun_moq[0m[2m:[0m StunMoq started listening...
[2m2026-05-20T11:24:54.953847Z[0m [32m INFO[0m [2mstun_moq[0m[2m:[0m Accepted incoming Iroh connection from 4b6666421054971db8c5229f70b9db45f6fce3a344553228bdb473ad8475692a
Receiver ready, waiting for blob...
[2m2026-05-20T11:24:56.238307Z[0m [33m WARN[0m [1mendpoint[0m[1m{[0m[3mid[0m[2m=[0ma5263c7c3e[1m}[0m[2m:[0m[1mrelay-actor[0m[2m:[0m[1mactive-relay[0m[1m{[0m[3murl[0m[2m=[0mhttps://derp12d.tailscale.com/[1m}[0m[2m:[0m [2miroh::socket::transports::relay::actor[0m[2m:[0m Failed to connect to relay server: unable to connect: expected HTTP 101 Switching Protocols, got status code 200: expected HTTP 101 Switching Protocols, got status code 200
Received 10.00 MB in 8.68s (1.15 MB/s)
[2m2026-05-20T11:25:04.642181Z[0m [31mERROR[0m [2miroh::socket[0m[2m:[0m Endpoint dropped without calling `Endpoint::close`. Aborting ungracefully.
