   Compiling stun_moq v0.1.0 (/app)
warning: unused import: `Duration`
 --> examples/bench_throughput.rs:2:26
  |
2 | use std::time::{Instant, Duration};
  |                          ^^^^^^^^
  |
  = note: `#[warn(unused_imports)]` (part of `#[warn(unused)]`) on by default

warning: `stun_moq` (example "bench_throughput") generated 1 warning (run `cargo fix --example "bench_throughput" -p stun_moq` to apply 1 suggestion)
    Finished `dev` profile [unoptimized + debuginfo] target(s) in 7.28s
     Running `target/debug/examples/bench_throughput receiver`
BENCH_THROUGHPUT_RECEIVER_PUBKEY: 79d6988f613a0a7fa97b838cc482b444e83e3b9bb8df667eabfb727ca7302d42
[2m2026-05-20T10:36:52.088202Z[0m [32m INFO[0m [2mstun_moq[0m[2m:[0m Creating new StunMoq instance...
[2m2026-05-20T10:36:52.088801Z[0m [32m INFO[0m [2mstun_moq::iroh::node[0m[2m:[0m Initializing Iroh networking...
[2m2026-05-20T10:36:52.642416Z[0m [32m INFO[0m [2mstun_moq::iroh::node[0m[2m:[0m Starting Iroh endpoint with 92 relays...
[2m2026-05-20T10:36:52.674162Z[0m [32m INFO[0m [2mstun_moq::iroh::node[0m[2m:[0m Iroh endpoint bound to 43f25e2c8dbfaa69310e603c9af16f32e94d44a60279ae3e6b0222e70626001c
[2m2026-05-20T10:36:52.674224Z[0m [32m INFO[0m [2mstun_moq::nostr[0m[2m:[0m Initializing Nostr signaling...
[2m2026-05-20T10:36:52.675218Z[0m [32m INFO[0m [2mstun_moq::nostr[0m[2m:[0m Nostr signaling connected. Identity: 79d6988f613a0a7fa97b838cc482b444e83e3b9bb8df667eabfb727ca7302d42
[2m2026-05-20T10:36:52.851098Z[0m [32m INFO[0m [2mnostr_relay_pool::relay::inner[0m[2m:[0m Connected to 'wss://relay.damus.io'
[2m2026-05-20T10:36:54.676911Z[0m [32m INFO[0m [2mstun_moq[0m[2m:[0m StunMoq started listening...
[2m2026-05-20T10:36:55.695157Z[0m [32m INFO[0m [1mendpoint[0m[1m{[0m[3mid[0m[2m=[0m43f25e2c8d[1m}[0m[2m:[0m[1mrelay-actor[0m[2m:[0m [2miroh::socket::transports::relay::actor[0m[2m:[0m home is now relay https://derp13c.tailscale.com/, was None
[2m2026-05-20T10:36:55.738479Z[0m [33m WARN[0m [1mendpoint[0m[1m{[0m[3mid[0m[2m=[0m43f25e2c8d[1m}[0m[2m:[0m[1mrelay-actor[0m[2m:[0m[1mactive-relay[0m[1m{[0m[3murl[0m[2m=[0mhttps://derp13c.tailscale.com/[1m}[0m[2m:[0m [2miroh::socket::transports::relay::actor[0m[2m:[0m Failed to connect to relay server: unable to connect: expected HTTP 101 Switching Protocols, got status code 200: expected HTTP 101 Switching Protocols, got status code 200
[2m2026-05-20T10:36:55.793841Z[0m [33m WARN[0m [1mendpoint[0m[1m{[0m[3mid[0m[2m=[0m43f25e2c8d[1m}[0m[2m:[0m[1mrelay-actor[0m[2m:[0m[1mactive-relay[0m[1m{[0m[3murl[0m[2m=[0mhttps://derp13c.tailscale.com/[1m}[0m[2m:[0m [2miroh::socket::transports::relay::actor[0m[2m:[0m Failed to connect to relay server: unable to connect: expected HTTP 101 Switching Protocols, got status code 200: expected HTTP 101 Switching Protocols, got status code 200
[2m2026-05-20T10:36:55.872005Z[0m [33m WARN[0m [1mendpoint[0m[1m{[0m[3mid[0m[2m=[0m43f25e2c8d[1m}[0m[2m:[0m[1mrelay-actor[0m[2m:[0m[1mactive-relay[0m[1m{[0m[3murl[0m[2m=[0mhttps://derp13c.tailscale.com/[1m}[0m[2m:[0m [2miroh::socket::transports::relay::actor[0m[2m:[0m Failed to connect to relay server: unable to connect: expected HTTP 101 Switching Protocols, got status code 200: expected HTTP 101 Switching Protocols, got status code 200
[2m2026-05-20T10:36:55.994982Z[0m [33m WARN[0m [1mendpoint[0m[1m{[0m[3mid[0m[2m=[0m43f25e2c8d[1m}[0m[2m:[0m[1mrelay-actor[0m[2m:[0m[1mactive-relay[0m[1m{[0m[3murl[0m[2m=[0mhttps://derp13c.tailscale.com/[1m}[0m[2m:[0m [2miroh::socket::transports::relay::actor[0m[2m:[0m Failed to connect to relay server: unable to connect: expected HTTP 101 Switching Protocols, got status code 200: expected HTTP 101 Switching Protocols, got status code 200
[2m2026-05-20T10:36:56.155969Z[0m [33m WARN[0m [1mendpoint[0m[1m{[0m[3mid[0m[2m=[0m43f25e2c8d[1m}[0m[2m:[0m[1mrelay-actor[0m[2m:[0m[1mactive-relay[0m[1m{[0m[3murl[0m[2m=[0mhttps://derp13c.tailscale.com/[1m}[0m[2m:[0m [2miroh::socket::transports::relay::actor[0m[2m:[0m Failed to connect to relay server: unable to connect: expected HTTP 101 Switching Protocols, got status code 200: expected HTTP 101 Switching Protocols, got status code 200
[2m2026-05-20T10:36:56.462313Z[0m [33m WARN[0m [1mendpoint[0m[1m{[0m[3mid[0m[2m=[0m43f25e2c8d[1m}[0m[2m:[0m[1mrelay-actor[0m[2m:[0m[1mactive-relay[0m[1m{[0m[3murl[0m[2m=[0mhttps://derp13c.tailscale.com/[1m}[0m[2m:[0m [2miroh::socket::transports::relay::actor[0m[2m:[0m Failed to connect to relay server: unable to connect: expected HTTP 101 Switching Protocols, got status code 200: expected HTTP 101 Switching Protocols, got status code 200
[2m2026-05-20T10:36:56.930269Z[0m [33m WARN[0m [1mendpoint[0m[1m{[0m[3mid[0m[2m=[0m43f25e2c8d[1m}[0m[2m:[0m[1mrelay-actor[0m[2m:[0m[1mactive-relay[0m[1m{[0m[3murl[0m[2m=[0mhttps://derp13c.tailscale.com/[1m}[0m[2m:[0m [2miroh::socket::transports::relay::actor[0m[2m:[0m Failed to connect to relay server: unable to connect: expected HTTP 101 Switching Protocols, got status code 200: expected HTTP 101 Switching Protocols, got status code 200
[2m2026-05-20T10:36:58.119070Z[0m [33m WARN[0m [1mendpoint[0m[1m{[0m[3mid[0m[2m=[0m43f25e2c8d[1m}[0m[2m:[0m[1mrelay-actor[0m[2m:[0m[1mactive-relay[0m[1m{[0m[3murl[0m[2m=[0mhttps://derp13c.tailscale.com/[1m}[0m[2m:[0m [2miroh::socket::transports::relay::actor[0m[2m:[0m Failed to connect to relay server: unable to connect: expected HTTP 101 Switching Protocols, got status code 200: expected HTTP 101 Switching Protocols, got status code 200
[2m2026-05-20T10:36:59.494408Z[0m [33m WARN[0m [1mendpoint[0m[1m{[0m[3mid[0m[2m=[0m43f25e2c8d[1m}[0m[2m:[0m[1mrelay-actor[0m[2m:[0m[1mactive-relay[0m[1m{[0m[3murl[0m[2m=[0mhttps://derp13c.tailscale.com/[1m}[0m[2m:[0m [2miroh::socket::transports::relay::actor[0m[2m:[0m Failed to connect to relay server: unable to connect: expected HTTP 101 Switching Protocols, got status code 200: expected HTTP 101 Switching Protocols, got status code 200
[2m2026-05-20T10:37:04.028404Z[0m [33m WARN[0m [1mendpoint[0m[1m{[0m[3mid[0m[2m=[0m43f25e2c8d[1m}[0m[2m:[0m[1mrelay-actor[0m[2m:[0m[1mactive-relay[0m[1m{[0m[3murl[0m[2m=[0mhttps://derp13c.tailscale.com/[1m}[0m[2m:[0m [2miroh::socket::transports::relay::actor[0m[2m:[0m Failed to connect to relay server: unable to connect: expected HTTP 101 Switching Protocols, got status code 200: expected HTTP 101 Switching Protocols, got status code 200
[2m2026-05-20T10:37:13.917211Z[0m [33m WARN[0m [1mendpoint[0m[1m{[0m[3mid[0m[2m=[0m43f25e2c8d[1m}[0m[2m:[0m[1mrelay-actor[0m[2m:[0m[1mactive-relay[0m[1m{[0m[3murl[0m[2m=[0mhttps://derp13c.tailscale.com/[1m}[0m[2m:[0m [2miroh::socket::transports::relay::actor[0m[2m:[0m Failed to connect to relay server: unable to connect: expected HTTP 101 Switching Protocols, got status code 200: expected HTTP 101 Switching Protocols, got status code 200
[2m2026-05-20T10:37:20.390773Z[0m [32m INFO[0m [1mendpoint[0m[1m{[0m[3mid[0m[2m=[0m43f25e2c8d[1m}[0m[2m:[0m[1mrelay-actor[0m[2m:[0m [2miroh::socket::transports::relay::actor[0m[2m:[0m home is now relay https://aps1-1.relay.n0.iroh-canary.iroh.link./, was Some(RelayUrl("https://derp13c.tailscale.com/"))
[2m2026-05-20T10:37:26.106886Z[0m [33m WARN[0m [1mendpoint[0m[1m{[0m[3mid[0m[2m=[0m43f25e2c8d[1m}[0m[2m:[0m[1mrelay-actor[0m[2m:[0m[1mactive-relay[0m[1m{[0m[3murl[0m[2m=[0mhttps://derp13c.tailscale.com/[1m}[0m[2m:[0m [2miroh::socket::transports::relay::actor[0m[2m:[0m Failed to connect to relay server: unable to connect: expected HTTP 101 Switching Protocols, got status code 200: expected HTTP 101 Switching Protocols, got status code 200
[2m2026-05-20T10:37:53.216134Z[0m [33m WARN[0m [1mendpoint[0m[1m{[0m[3mid[0m[2m=[0m43f25e2c8d[1m}[0m[2m:[0m[1mrelay-actor[0m[2m:[0m[1mactive-relay[0m[1m{[0m[3murl[0m[2m=[0mhttps://derp13c.tailscale.com/[1m}[0m[2m:[0m [2miroh::socket::transports::relay::actor[0m[2m:[0m Failed to connect to relay server: unable to connect: expected HTTP 101 Switching Protocols, got status code 200: expected HTTP 101 Switching Protocols, got status code 200
