   Compiling stun_moq v0.1.0 (/app)
    Finished `dev` profile [unoptimized + debuginfo] target(s) in 11.77s
     Running `target/debug/examples/bench_throughput receiver`
BENCH_THROUGHPUT_RECEIVER_PUBKEY: 0ebfaa637fdc8c9aa47576be868beb727af00d85c2deb24dcfb2c67fc8f94c7a
[2m2026-05-20T11:21:42.324347Z[0m [32m INFO[0m [2mstun_moq[0m[2m:[0m Creating new StunMoq instance...
[2m2026-05-20T11:21:42.324894Z[0m [32m INFO[0m [2mstun_moq::iroh::node[0m[2m:[0m Initializing Iroh networking...
[2m2026-05-20T11:21:42.865944Z[0m [32m INFO[0m [2mstun_moq::iroh::node[0m[2m:[0m Starting Iroh endpoint with 92 relays...
[2m2026-05-20T11:21:45.153358Z[0m [33m WARN[0m [1mendpoint[0m[1m{[0m[3mid[0m[2m=[0mae365e11db[1m}[0m[2m:[0m[1mactor[0m[2m:[0m[1mreportgen-actor[0m[2m:[0m[1mcaptive-portal[0m[2m:[0m [2miroh::net_report::reportgen[0m[2m:[0m probe timed out
[2m2026-05-20T11:21:45.945336Z[0m [32m INFO[0m [1mendpoint[0m[1m{[0m[3mid[0m[2m=[0mae365e11db[1m}[0m[2m:[0m[1mrelay-actor[0m[2m:[0m [2miroh::socket::transports::relay::actor[0m[2m:[0m home is now relay https://derp13b.tailscale.com/, was None
[2m2026-05-20T11:21:45.988402Z[0m [33m WARN[0m [1mendpoint[0m[1m{[0m[3mid[0m[2m=[0mae365e11db[1m}[0m[2m:[0m[1mrelay-actor[0m[2m:[0m[1mactive-relay[0m[1m{[0m[3murl[0m[2m=[0mhttps://derp13b.tailscale.com/[1m}[0m[2m:[0m [2miroh::socket::transports::relay::actor[0m[2m:[0m Failed to connect to relay server: unable to connect: expected HTTP 101 Switching Protocols, got status code 200: expected HTTP 101 Switching Protocols, got status code 200
[2m2026-05-20T11:21:46.047758Z[0m [33m WARN[0m [1mendpoint[0m[1m{[0m[3mid[0m[2m=[0mae365e11db[1m}[0m[2m:[0m[1mrelay-actor[0m[2m:[0m[1mactive-relay[0m[1m{[0m[3murl[0m[2m=[0mhttps://derp13b.tailscale.com/[1m}[0m[2m:[0m [2miroh::socket::transports::relay::actor[0m[2m:[0m Failed to connect to relay server: unable to connect: expected HTTP 101 Switching Protocols, got status code 200: expected HTTP 101 Switching Protocols, got status code 200
[2m2026-05-20T11:21:46.127765Z[0m [33m WARN[0m [1mendpoint[0m[1m{[0m[3mid[0m[2m=[0mae365e11db[1m}[0m[2m:[0m[1mrelay-actor[0m[2m:[0m[1mactive-relay[0m[1m{[0m[3murl[0m[2m=[0mhttps://derp13b.tailscale.com/[1m}[0m[2m:[0m [2miroh::socket::transports::relay::actor[0m[2m:[0m Failed to connect to relay server: unable to connect: expected HTTP 101 Switching Protocols, got status code 200: expected HTTP 101 Switching Protocols, got status code 200
[2m2026-05-20T11:21:46.235203Z[0m [33m WARN[0m [1mendpoint[0m[1m{[0m[3mid[0m[2m=[0mae365e11db[1m}[0m[2m:[0m[1mrelay-actor[0m[2m:[0m[1mactive-relay[0m[1m{[0m[3murl[0m[2m=[0mhttps://derp13b.tailscale.com/[1m}[0m[2m:[0m [2miroh::socket::transports::relay::actor[0m[2m:[0m Failed to connect to relay server: unable to connect: expected HTTP 101 Switching Protocols, got status code 200: expected HTTP 101 Switching Protocols, got status code 200
[2m2026-05-20T11:21:46.434608Z[0m [33m WARN[0m [1mendpoint[0m[1m{[0m[3mid[0m[2m=[0mae365e11db[1m}[0m[2m:[0m[1mrelay-actor[0m[2m:[0m[1mactive-relay[0m[1m{[0m[3murl[0m[2m=[0mhttps://derp13b.tailscale.com/[1m}[0m[2m:[0m [2miroh::socket::transports::relay::actor[0m[2m:[0m Failed to connect to relay server: unable to connect: expected HTTP 101 Switching Protocols, got status code 200: expected HTTP 101 Switching Protocols, got status code 200
[2m2026-05-20T11:21:46.800182Z[0m [33m WARN[0m [1mendpoint[0m[1m{[0m[3mid[0m[2m=[0mae365e11db[1m}[0m[2m:[0m[1mrelay-actor[0m[2m:[0m[1mactive-relay[0m[1m{[0m[3murl[0m[2m=[0mhttps://derp13b.tailscale.com/[1m}[0m[2m:[0m [2miroh::socket::transports::relay::actor[0m[2m:[0m Failed to connect to relay server: unable to connect: expected HTTP 101 Switching Protocols, got status code 200: expected HTTP 101 Switching Protocols, got status code 200
[2m2026-05-20T11:21:47.169901Z[0m [33m WARN[0m [1mendpoint[0m[1m{[0m[3mid[0m[2m=[0mae365e11db[1m}[0m[2m:[0m[1mrelay-actor[0m[2m:[0m[1mactive-relay[0m[1m{[0m[3murl[0m[2m=[0mhttps://derp13b.tailscale.com/[1m}[0m[2m:[0m [2miroh::socket::transports::relay::actor[0m[2m:[0m Failed to connect to relay server: unable to connect: expected HTTP 101 Switching Protocols, got status code 200: expected HTTP 101 Switching Protocols, got status code 200
[2m2026-05-20T11:21:48.164003Z[0m [33m WARN[0m [1mendpoint[0m[1m{[0m[3mid[0m[2m=[0mae365e11db[1m}[0m[2m:[0m[1mrelay-actor[0m[2m:[0m[1mactive-relay[0m[1m{[0m[3murl[0m[2m=[0mhttps://derp13b.tailscale.com/[1m}[0m[2m:[0m [2miroh::socket::transports::relay::actor[0m[2m:[0m Failed to connect to relay server: unable to connect: expected HTTP 101 Switching Protocols, got status code 200: expected HTTP 101 Switching Protocols, got status code 200
[2m2026-05-20T11:21:50.549582Z[0m [33m WARN[0m [1mendpoint[0m[1m{[0m[3mid[0m[2m=[0mae365e11db[1m}[0m[2m:[0m[1mrelay-actor[0m[2m:[0m[1mactive-relay[0m[1m{[0m[3murl[0m[2m=[0mhttps://derp13b.tailscale.com/[1m}[0m[2m:[0m [2miroh::socket::transports::relay::actor[0m[2m:[0m Failed to connect to relay server: unable to connect: expected HTTP 101 Switching Protocols, got status code 200: expected HTTP 101 Switching Protocols, got status code 200
[2m2026-05-20T11:21:53.742980Z[0m [33m WARN[0m [1mendpoint[0m[1m{[0m[3mid[0m[2m=[0mae365e11db[1m}[0m[2m:[0m[1mrelay-actor[0m[2m:[0m[1mactive-relay[0m[1m{[0m[3murl[0m[2m=[0mhttps://derp13b.tailscale.com/[1m}[0m[2m:[0m [2miroh::socket::transports::relay::actor[0m[2m:[0m Failed to connect to relay server: unable to connect: expected HTTP 101 Switching Protocols, got status code 200: expected HTTP 101 Switching Protocols, got status code 200
[2m2026-05-20T11:22:01.762654Z[0m [33m WARN[0m [1mendpoint[0m[1m{[0m[3mid[0m[2m=[0mae365e11db[1m}[0m[2m:[0m[1mrelay-actor[0m[2m:[0m[1mactive-relay[0m[1m{[0m[3murl[0m[2m=[0mhttps://derp13b.tailscale.com/[1m}[0m[2m:[0m [2miroh::socket::transports::relay::actor[0m[2m:[0m Failed to connect to relay server: unable to connect: expected HTTP 101 Switching Protocols, got status code 200: expected HTTP 101 Switching Protocols, got status code 200
[2m2026-05-20T11:22:12.387132Z[0m [32m INFO[0m [1mendpoint[0m[1m{[0m[3mid[0m[2m=[0mae365e11db[1m}[0m[2m:[0m[1mrelay-actor[0m[2m:[0m [2miroh::socket::transports::relay::actor[0m[2m:[0m home is now relay https://aps1-1.relay.n0.iroh-canary.iroh.link./, was Some(RelayUrl("https://derp13b.tailscale.com/"))
[2m2026-05-20T11:22:13.040998Z[0m [32m INFO[0m [2mstun_moq::iroh::node[0m[2m:[0m Iroh endpoint online. Node ID: ae365e11dbadd934705a909ffade3e295f5321011f4cbb3f5cb927443d9fb9cb
[2m2026-05-20T11:22:13.041088Z[0m [32m INFO[0m [2mstun_moq::nostr[0m[2m:[0m Initializing Nostr signaling...
[2m2026-05-20T11:22:13.042180Z[0m [32m INFO[0m [2mstun_moq::nostr[0m[2m:[0m Nostr signaling connected. Identity: 0ebfaa637fdc8c9aa47576be868beb727af00d85c2deb24dcfb2c67fc8f94c7a
[2m2026-05-20T11:22:13.302903Z[0m [32m INFO[0m [2mnostr_relay_pool::relay::inner[0m[2m:[0m Connected to 'wss://relay.damus.io'
[2m2026-05-20T11:22:15.044026Z[0m [32m INFO[0m [2mstun_moq[0m[2m:[0m StunMoq started listening...
[2m2026-05-20T11:22:19.936411Z[0m [32m INFO[0m [2mstun_moq[0m[2m:[0m Accepted incoming Iroh connection from e9da2e55808f1fc6546a4fe2f631344593cf82d4625d8e6713b83cd9fe11d444
[2m2026-05-20T11:22:21.645924Z[0m [33m WARN[0m [1mendpoint[0m[1m{[0m[3mid[0m[2m=[0mae365e11db[1m}[0m[2m:[0m[1mrelay-actor[0m[2m:[0m[1mactive-relay[0m[1m{[0m[3murl[0m[2m=[0mhttps://derp13b.tailscale.com/[1m}[0m[2m:[0m [2miroh::socket::transports::relay::actor[0m[2m:[0m Failed to connect to relay server: unable to connect: expected HTTP 101 Switching Protocols, got status code 200: expected HTTP 101 Switching Protocols, got status code 200
[2m2026-05-20T11:22:34.986002Z[0m [33m WARN[0m [2mnoq_proto::connection[0m[2m:[0m failed closing path [3merr[0m[2m=[0mLastOpenPath
[2m2026-05-20T11:22:54.958062Z[0m [31mERROR[0m [2miroh::socket[0m[2m:[0m Endpoint dropped without calling `Endpoint::close`. Aborting ungracefully.
Error: timed out
